// Jest Snapshot v1, https://goo.gl/fbAQLP

exports[`header renders correctly 1`] = `
<ul
  aria-activedescendant=""
  className="ant-menu ant-menu-light ant-menu-root ant-menu-horizontal"
  onKeyDown={[Function]}
  role="menu"
  style={Object {}}
  tabIndex="0"
>
  <li
    aria-disabled={undefined}
    aria-selected={false}
    className="ant-menu-item css-1a6fjph e1a9n7yf0"
    onClick={[Function]}
    onMouseEnter={[Function]}
    onMouseLeave={[Function]}
    role="menuitem"
    style={Object {}}
    title={undefined}
  >
    <i
      className="anticon anticon-home"
    />
    Home
  </li>
</ul>
`;
